// Jest Snapshot v1, https://goo.gl/fbAQLP

exports[`PipeTile when receives a valid pipe matches the snapshot 1`] = `
<DocumentFragment>
  <div
    class="sc-bdvvtL fFSuzC"
  >
    <div>
      <div>
        A pipe
      </div>
      <small>
        10 cards
      </small>
    </div>
  </div>
</DocumentFragment>
`;
